{"argv": ["cmake", "-S", "/Projects/haoning/w2w-full-system-rwdl-20261008/source/w2w/service/dram", "-B", "/Projects/haoning/w2w-full-system-rwdl-20261008/native-a812544/dram_bridge", "-DRAMULATOR_SOURCE=/Projects/haoning/w2w-full-system-closure-20261009/dram-clean-a9066bc/ramulator2", "-DPython_EXECUTABLE=/Projects/haoning/w2w/.venv/bin/python"], "cwd": "/Projects/haoning/w2w-full-system-rwdl-20261008/source"}
-- The CXX compiler identification is GNU 11.4.0
-- Detecting CXX compiler ABI info
-- Detecting CXX compiler ABI info - done
-- Check for working CXX compiler: /usr/bin/c++ - skipped
-- Detecting CXX compile features
-- Detecting CXX compile features - done
-- Found Python: /Projects/haoning/w2w/.venv/bin/python (found suitable version "3.10.12", minimum required is "3.10") found components: Interpreter Development.Module 
-- Configuring done
-- Generating done
-- Build files have been written to: /Projects/haoning/w2w-full-system-rwdl-20261008/native-a812544/dram_bridge
{"argv": ["cmake", "--build", "/Projects/haoning/w2w-full-system-rwdl-20261008/native-a812544/dram_bridge", "-j4"], "cwd": "/Projects/haoning/w2w-full-system-rwdl-20261008/source"}
[ 13%] Building CXX object CMakeFiles/nanobind-static.dir/Projects/haoning/w2w-full-system-closure-20261009/dram-clean-a9066bc/ramulator2/ext/nanobind/src/nb_enum.cpp.o
[ 13%] Building CXX object CMakeFiles/nanobind-static.dir/Projects/haoning/w2w-full-system-closure-20261009/dram-clean-a9066bc/ramulator2/ext/nanobind/src/nb_type.cpp.o
[ 26%] Building CXX object CMakeFiles/nanobind-static.dir/Projects/haoning/w2w-full-system-closure-20261009/dram-clean-a9066bc/ramulator2/ext/nanobind/src/nb_internals.cpp.o
[ 26%] Building CXX object CMakeFiles/nanobind-static.dir/Projects/haoning/w2w-full-system-closure-20261009/dram-clean-a9066bc/ramulator2/ext/nanobind/src/nb_func.cpp.o
[ 33%] Building CXX object CMakeFiles/nanobind-static.dir/Projects/haoning/w2w-full-system-closure-20261009/dram-clean-a9066bc/ramulator2/ext/nanobind/src/nb_ndarray.cpp.o
[ 40%] Building CXX object CMakeFiles/nanobind-static.dir/Projects/haoning/w2w-full-system-closure-20261009/dram-clean-a9066bc/ramulator2/ext/nanobind/src/nb_static_property.cpp.o
[ 46%] Building CXX object CMakeFiles/nanobind-static.dir/Projects/haoning/w2w-full-system-closure-20261009/dram-clean-a9066bc/ramulator2/ext/nanobind/src/common.cpp.o
[ 53%] Building CXX object CMakeFiles/nanobind-static.dir/Projects/haoning/w2w-full-system-closure-20261009/dram-clean-a9066bc/ramulator2/ext/nanobind/src/error.cpp.o
[ 60%] Building CXX object CMakeFiles/nanobind-static.dir/Projects/haoning/w2w-full-system-closure-20261009/dram-clean-a9066bc/ramulator2/ext/nanobind/src/trampoline.cpp.o
[ 66%] Building CXX object CMakeFiles/nanobind-static.dir/Projects/haoning/w2w-full-system-closure-20261009/dram-clean-a9066bc/ramulator2/ext/nanobind/src/implicit.cpp.o
[ 73%] Linking CXX static library libnanobind-static.a
[ 73%] Built target nanobind-static
[ 86%] Building CXX object CMakeFiles/_w2w_ramulator.dir/W2WRWDL.cpp.o
[ 86%] Building CXX object CMakeFiles/_w2w_ramulator.dir/rwdl_refresh.cpp.o
[ 93%] Building CXX object CMakeFiles/_w2w_ramulator.dir/bridge.cpp.o
[100%] Linking CXX shared module _w2w_ramulator.cpython-310-x86_64-linux-gnu.so
[100%] Built target _w2w_ramulator
