tail 0 quiescent 0.5089
stable 1 quiescent 0.97
release 0 compact 1.1804
transport 0 off 0.4752
stable 2 quiescent 0.9668
stable 0 compact 1.1881
tail 0 compact 0.562
tail 0 full 0.5834
stable 0 off 1.3162
transport 0 full 0.4798
stable 1 full 1.3257
release 0 quiescent 0.9758
stable 0 full 1.3249
release 0 off 1.3073
stable 1 off 1.3036
transport 0 compact 0.48
release 0 full 1.3288
tail 0 off 0.57
stable 2 full 1.3375
stable 2 off 1.312
stable 0 quiescent 0.9647
transport 0 quiescent 0.4801
stable 1 compact 1.1816
stable 2 compact 1.1847
